
> qmm-studio@0.1.0 build
> next build

   ▲ Next.js 14.0.4
   - Environments: .env.local

   Creating an optimized production build ...

> Build error occurred
Error: You cannot use different slug names for the same dynamic path ('docId' !== 'id').
    at handleSlug (/Users/mauriceigugu/Documents/Antigravity/qmm-studio/node_modules/next/dist/shared/lib/router/utils/sorted-routes.js:94:31)
    at UrlNode._insert (/Users/mauriceigugu/Documents/Antigravity/qmm-studio/node_modules/next/dist/shared/lib/router/utils/sorted-routes.js:131:17)
    at UrlNode._insert (/Users/mauriceigugu/Documents/Antigravity/qmm-studio/node_modules/next/dist/shared/lib/router/utils/sorted-routes.js:142:40)
    at UrlNode.insert (/Users/mauriceigugu/Documents/Antigravity/qmm-studio/node_modules/next/dist/shared/lib/router/utils/sorted-routes.js:13:14)
    at /Users/mauriceigugu/Documents/Antigravity/qmm-studio/node_modules/next/dist/shared/lib/router/utils/sorted-routes.js:165:46
    at Array.forEach (<anonymous>)
    at getSortedRoutes (/Users/mauriceigugu/Documents/Antigravity/qmm-studio/node_modules/next/dist/shared/lib/router/utils/sorted-routes.js:165:21)
    at /Users/mauriceigugu/Documents/Antigravity/qmm-studio/node_modules/next/dist/build/index.js:476:65
    at Span.traceFn (/Users/mauriceigugu/Documents/Antigravity/qmm-studio/node_modules/next/dist/trace/trace.js:140:20)
    at /Users/mauriceigugu/Documents/Antigravity/qmm-studio/node_modules/next/dist/build/index.js:475:89
